
> buckle-up@0.1.0 test
> jest

node.exe : (node:11324) [DEP0040] DeprecationWarning: The `punycode` module is deprecated. Please use a userland 
alternative instead.
At C:\Program Files\nodejs\npm.ps1:29 char:3
+   & $NODE_EXE $NPM_CLI_JS $args
+   ~~~~~~~~~~~~~~~~~~~~~~~~~~~~~
    + CategoryInfo          : NotSpecified: ((node:11324) [D...native instead.:String) [], RemoteException
    + FullyQualifiedErrorId : NativeCommandError
 
(Use `node --trace-deprecation ...` to show where the warning was created)
PASS Maps/loadMapsAPI.test.tsx
(node:21572) [DEP0040] DeprecationWarning: The `punycode` module is deprecated. Please use a userland alternative instead.
(Use `node --trace-deprecation ...` to show where the warning was created)
PASS ./firebaseServices.test.tsx
  ΓùÅ Console

    console.error
      [error logging in] ==> Error: Invalid email/password
          at Object.<anonymous> (C:\Users\agnep\Desktop\next-major-project\buckle-up\firebaseServices.test.tsx:65:31)
          at Promise.then.completed 
(C:\Users\agnep\Desktop\next-major-project\buckle-up\node_modules\jest-circus\build\utils.js:298:28)
          at new Promise (<anonymous>)
          at callAsyncCircusFn 
(C:\Users\agnep\Desktop\next-major-project\buckle-up\node_modules\jest-circus\build\utils.js:231:10)
          at _callCircusTest 
(C:\Users\agnep\Desktop\next-major-project\buckle-up\node_modules\jest-circus\build\run.js:316:40)
          at processTicksAndRejections (node:internal/process/task_queues:105:5)
          at _runTest (C:\Users\agnep\Desktop\next-major-project\buckle-up\node_modules\jest-circus\build\run.js:252:3)
          at _runTestsForDescribeBlock 
(C:\Users\agnep\Desktop\next-major-project\buckle-up\node_modules\jest-circus\build\run.js:126:9)
          at _runTestsForDescribeBlock 
(C:\Users\agnep\Desktop\next-major-project\buckle-up\node_modules\jest-circus\build\run.js:121:9)
          at _runTestsForDescribeBlock 
(C:\Users\agnep\Desktop\next-major-project\buckle-up\node_modules\jest-circus\build\run.js:121:9)
          at run (C:\Users\agnep\Desktop\next-major-project\buckle-up\node_modules\jest-circus\build\run.js:71:3)
          at runAndTransformResultsToJestFormat (C:\Users\agnep\Desktop\next-major-project\buckle-up\node_modules\jest-circu
s\build\legacy-code-todo-rewrite\jestAdapterInit.js:122:21)
          at jestAdapter (C:\Users\agnep\Desktop\next-major-project\buckle-up\node_modules\jest-circus\build\legacy-code-tod
o-rewrite\jestAdapter.js:79:19)
          at runTestInternal 
(C:\Users\agnep\Desktop\next-major-project\buckle-up\node_modules\jest-runner\build\runTest.js:367:16)
          at runTest (C:\Users\agnep\Desktop\next-major-project\buckle-up\node_modules\jest-runner\build\runTest.js:444:34)
          at Object.worker 
(C:\Users\agnep\Desktop\next-major-project\buckle-up\node_modules\jest-runner\build\testWorker.js:106:12)

    [0m [90m 70 |[39m       [36mreturn[39m { user[33m:[39m userCredential[33m.[39muser }[33m;[39m
     [90m 71 |[39m     } [36mcatch[39m (e) {
    [31m[1m>[22m[39m[90m 72 |[39m       console[33m.[39merror([32m"[error logging in] ==>"[39m[33m,[39m 
e)[33m;[39m
     [90m    |[39m               [31m[1m^[22m[39m
     [90m 73 |[39m       [36mthrow[39m e[33m;[39m
     [90m 74 |[39m     }
     [90m 75 |[39m   }[0m

      at error (firebaseServices.ts:72:15)
      at Object.<anonymous> (firebaseServices.test.tsx:69:13)

    console.error
      [error logging out] ==> Error: Logout failed
          at Object.<anonymous> (C:\Users\agnep\Desktop\next-major-project\buckle-up\firebaseServices.test.tsx:94:31)
          at Promise.then.completed 
(C:\Users\agnep\Desktop\next-major-project\buckle-up\node_modules\jest-circus\build\utils.js:298:28)
          at new Promise (<anonymous>)
          at callAsyncCircusFn 
(C:\Users\agnep\Desktop\next-major-project\buckle-up\node_modules\jest-circus\build\utils.js:231:10)
          at _callCircusTest 
(C:\Users\agnep\Desktop\next-major-project\buckle-up\node_modules\jest-circus\build\run.js:316:40)
          at processTicksAndRejections (node:internal/process/task_queues:105:5)
          at _runTest (C:\Users\agnep\Desktop\next-major-project\buckle-up\node_modules\jest-circus\build\run.js:252:3)
          at _runTestsForDescribeBlock 
(C:\Users\agnep\Desktop\next-major-project\buckle-up\node_modules\jest-circus\build\run.js:126:9)
          at _runTestsForDescribeBlock 
(C:\Users\agnep\Desktop\next-major-project\buckle-up\node_modules\jest-circus\build\run.js:121:9)
          at _runTestsForDescribeBlock 
(C:\Users\agnep\Desktop\next-major-project\buckle-up\node_modules\jest-circus\build\run.js:121:9)
          at run (C:\Users\agnep\Desktop\next-major-project\buckle-up\node_modules\jest-circus\build\run.js:71:3)
          at runAndTransformResultsToJestFormat (C:\Users\agnep\Desktop\next-major-project\buckle-up\node_modules\jest-circu
s\build\legacy-code-todo-rewrite\jestAdapterInit.js:122:21)
          at jestAdapter (C:\Users\agnep\Desktop\next-major-project\buckle-up\node_modules\jest-circus\build\legacy-code-tod
o-rewrite\jestAdapter.js:79:19)
          at runTestInternal 
(C:\Users\agnep\Desktop\next-major-project\buckle-up\node_modules\jest-runner\build\runTest.js:367:16)
          at runTest (C:\Users\agnep\Desktop\next-major-project\buckle-up\node_modules\jest-runner\build\runTest.js:444:34)
          at Object.worker 
(C:\Users\agnep\Desktop\next-major-project\buckle-up\node_modules\jest-runner\build\testWorker.js:106:12)

    [0m [90m 84 |[39m       [36mawait[39m signOut(firebase_auth)[33m;[39m
     [90m 85 |[39m     } [36mcatch[39m (e) {
    [31m[1m>[22m[39m[90m 86 |[39m       console[33m.[39merror([32m"[error logging out] ==>"[39m[33m,[39m 
e)[33m;[39m
     [90m    |[39m               [31m[1m^[22m[39m
     [90m 87 |[39m       [36mthrow[39m e[33m;[39m
     [90m 88 |[39m     }
     [90m 89 |[39m   }[0m

      at error (firebaseServices.ts:86:15)
      at Object.<anonymous> (firebaseServices.test.tsx:98:13)

    console.error
      [error registering] ==> Error: Email already in use
          at Object.<anonymous> (C:\Users\agnep\Desktop\next-major-project\buckle-up\firebaseServices.test.tsx:136:31)
          at Promise.then.completed 
(C:\Users\agnep\Desktop\next-major-project\buckle-up\node_modules\jest-circus\build\utils.js:298:28)
          at new Promise (<anonymous>)
          at callAsyncCircusFn 
(C:\Users\agnep\Desktop\next-major-project\buckle-up\node_modules\jest-circus\build\utils.js:231:10)
          at _callCircusTest 
(C:\Users\agnep\Desktop\next-major-project\buckle-up\node_modules\jest-circus\build\run.js:316:40)
          at processTicksAndRejections (node:internal/process/task_queues:105:5)
          at _runTest (C:\Users\agnep\Desktop\next-major-project\buckle-up\node_modules\jest-circus\build\run.js:252:3)
          at _runTestsForDescribeBlock 
(C:\Users\agnep\Desktop\next-major-project\buckle-up\node_modules\jest-circus\build\run.js:126:9)
          at _runTestsForDescribeBlock 
(C:\Users\agnep\Desktop\next-major-project\buckle-up\node_modules\jest-circus\build\run.js:121:9)
          at _runTestsForDescribeBlock 
(C:\Users\agnep\Desktop\next-major-project\buckle-up\node_modules\jest-circus\build\run.js:121:9)
          at run (C:\Users\agnep\Desktop\next-major-project\buckle-up\node_modules\jest-circus\build\run.js:71:3)
          at runAndTransformResultsToJestFormat (C:\Users\agnep\Desktop\next-major-project\buckle-up\node_modules\jest-circu
s\build\legacy-code-todo-rewrite\jestAdapterInit.js:122:21)
          at jestAdapter (C:\Users\agnep\Desktop\next-major-project\buckle-up\node_modules\jest-circus\build\legacy-code-tod
o-rewrite\jestAdapter.js:79:19)
          at runTestInternal 
(C:\Users\agnep\Desktop\next-major-project\buckle-up\node_modules\jest-runner\build\runTest.js:367:16)
          at runTest (C:\Users\agnep\Desktop\next-major-project\buckle-up\node_modules\jest-runner\build\runTest.js:444:34)
          at Object.worker 
(C:\Users\agnep\Desktop\next-major-project\buckle-up\node_modules\jest-runner\build\testWorker.js:106:12)

    [0m [90m 109 |[39m       [36mreturn[39m { user[33m:[39m userCredential[33m.[39muser }[33m;[39m
     [90m 110 |[39m     } [36mcatch[39m (e) {
    [31m[1m>[22m[39m[90m 111 |[39m       console[33m.[39merror([32m"[error registering] ==>"[39m[33m,[39m 
e)[33m;[39m
     [90m     |[39m               [31m[1m^[22m[39m
     [90m 112 |[39m       [36mthrow[39m e[33m;[39m
     [90m 113 |[39m     }
     [90m 114 |[39m   }[0m

      at error (firebaseServices.ts:111:15)
      at Object.<anonymous> (firebaseServices.test.tsx:140:13)

(node:23856) [DEP0040] DeprecationWarning: The `punycode` module is deprecated. Please use a userland alternative instead.
(Use `node --trace-deprecation ...` to show where the warning was created)
(node:23600) [DEP0040] DeprecationWarning: The `punycode` module is deprecated. Please use a userland alternative instead.
(Use `node --trace-deprecation ...` to show where the warning was created)
PASS ./AuthContext.test.tsx
  ΓùÅ Console

    console.log
      Setting up auth state listener

      at log (AuthContext.tsx:141:17)

    console.log
      Auth state changed: No user

      at log (AuthContext.tsx:145:21)

    console.log
      Firebase persistence set to LOCAL

      at log (AuthContext.tsx:124:25)

    console.log
      Cleaning up auth state listener

      at log (AuthContext.tsx:153:21)
          at Array.forEach (<anonymous>)

    console.log
      Setting up auth state listener

      at log (AuthContext.tsx:141:17)

    console.log
      Auth state changed: No user

      at log (AuthContext.tsx:145:21)

    console.log
      Firebase persistence set to LOCAL

      at log (AuthContext.tsx:124:25)

    console.log
      Cleaning up auth state listener

      at log (AuthContext.tsx:153:21)
          at Array.forEach (<anonymous>)

    console.log
      Setting up auth state listener

      at log (AuthContext.tsx:141:17)

    console.log
      Auth state changed: User logged in: jest@example.com

      at log (AuthContext.tsx:145:21)

    console.log
      Firebase persistence set to LOCAL

      at log (AuthContext.tsx:124:25)

    console.error
      An update to SessionProvider inside a test was not wrapped in act(...).
      
      When testing, code that causes React state updates should be wrapped into act(...):
      
      act(() => {
        /* fire events that update state */
      });
      /* assert on the output */
      
      This ensures that you're testing the behavior the user would see in the browser. Learn more at 
https://react.dev/link/wrap-tests-with-act

    [0m [90m 215 |[39m             console[33m.[39merror([32m"[handleSignOut error] ==>"[39m[33m,[39m 
error)[33m;[39m
     [90m 216 |[39m         } [36mfinally[39m {
    [31m[1m>[22m[39m[90m 217 |[39m             setIsLoading([36mfalse[39m)[33m;[39m
     [90m     |[39m             [31m[1m^[22m[39m
     [90m 218 |[39m         }
     [90m 219 |[39m     }[33m;[39m
     [90m 220 |[39m[0m

      at node_modules/react-dom/cjs/react-dom-client.development.js:15751:19
      at runWithFiberInDEV (node_modules/react-dom/cjs/react-dom-client.development.js:543:16)
      at warnIfUpdatesNotWrappedWithActDEV (node_modules/react-dom/cjs/react-dom-client.development.js:15750:9)
      at scheduleUpdateOnFiber (node_modules/react-dom/cjs/react-dom-client.development.js:14311:11)
      at dispatchSetStateInternal (node_modules/react-dom/cjs/react-dom-client.development.js:7208:13)
      at dispatchSetState (node_modules/react-dom/cjs/react-dom-client.development.js:7161:7)
      at setIsLoading (AuthContext.tsx:217:13)

    console.log
      Cleaning up auth state listener

      at log (AuthContext.tsx:153:21)
          at Array.forEach (<anonymous>)

PASS gemeni/ChatContext.test.tsx
  ΓùÅ Console

    console.error
      Error getting response: Error: Network error
          at Object.<anonymous> (C:\Users\agnep\Desktop\next-major-project\buckle-up\gemeni\ChatContext.test.tsx:169:50)
          at Promise.then.completed 
(C:\Users\agnep\Desktop\next-major-project\buckle-up\node_modules\jest-circus\build\utils.js:298:28)
          at new Promise (<anonymous>)
          at callAsyncCircusFn 
(C:\Users\agnep\Desktop\next-major-project\buckle-up\node_modules\jest-circus\build\utils.js:231:10)
          at _callCircusTest 
(C:\Users\agnep\Desktop\next-major-project\buckle-up\node_modules\jest-circus\build\run.js:316:40)
          at _runTest (C:\Users\agnep\Desktop\next-major-project\buckle-up\node_modules\jest-circus\build\run.js:252:3)
          at _runTestsForDescribeBlock 
(C:\Users\agnep\Desktop\next-major-project\buckle-up\node_modules\jest-circus\build\run.js:126:9)
          at _runTestsForDescribeBlock 
(C:\Users\agnep\Desktop\next-major-project\buckle-up\node_modules\jest-circus\build\run.js:121:9)
          at run (C:\Users\agnep\Desktop\next-major-project\buckle-up\node_modules\jest-circus\build\run.js:71:3)
          at runAndTransformResultsToJestFormat (C:\Users\agnep\Desktop\next-major-project\buckle-up\node_modules\jest-circu
s\build\legacy-code-todo-rewrite\jestAdapterInit.js:122:21)
          at jestAdapter (C:\Users\agnep\Desktop\next-major-project\buckle-up\node_modules\jest-circus\build\legacy-code-tod
o-rewrite\jestAdapter.js:79:19)
          at runTestInternal 
(C:\Users\agnep\Desktop\next-major-project\buckle-up\node_modules\jest-runner\build\runTest.js:367:16)
          at runTest (C:\Users\agnep\Desktop\next-major-project\buckle-up\node_modules\jest-runner\build\runTest.js:444:34)
          at Object.worker 
(C:\Users\agnep\Desktop\next-major-project\buckle-up\node_modules\jest-runner\build\testWorker.js:106:12)

    [0m [90m 59 |[39m             setMessages(prev [33m=>[39m [[33m...[39mprev[33m,[39m 
assistantMessage])[33m;[39m
     [90m 60 |[39m         } [36mcatch[39m (error) {
    [31m[1m>[22m[39m[90m 61 |[39m             console[33m.[39merror([32m'Error getting response:'[39m[33m,[39m 
error)[33m;[39m
     [90m    |[39m                     [31m[1m^[22m[39m
     [90m 62 |[39m
     [90m 63 |[39m             [90m// Add error message[39m
     [90m 64 |[39m             [36mconst[39m errorMessage[33m:[39m [33mChatMessage[39m [33m=[39m {[0m

      at error (gemeni/ChatContext.tsx:61:21)

(node:16648) [DEP0040] DeprecationWarning: The `punycode` module is deprecated. Please use a userland alternative instead.
(Use `node --trace-deprecation ...` to show where the warning was created)
PASS components/itinerary/DraggableStop.test.tsx
(node:10232) [DEP0040] DeprecationWarning: The `punycode` module is deprecated. Please use a userland alternative instead.
(Use `node --trace-deprecation ...` to show where the warning was created)
PASS app/itinerary/page.test.tsx
  ΓùÅ Console

    console.log
      No authenticated user detected, redirecting to sign in

      at log (app/itinerary/page.tsx:98:21)

    console.log
      No user UID available, cannot fetch trips

      at log (app/itinerary/page.tsx:129:21)

    console.log
      Auth is still loading, waiting...

      at log (app/itinerary/page.tsx:123:21)

    console.log
      Fetching trips for user: test-user-id

      at log (app/itinerary/page.tsx:133:17)

    console.log
      Firebase Data received: {
        'trip-1': {
          id: 'trip-1',
          title: 'Trip to Dublin',
          start_date: '2025-05-01',
          end_date: '2025-05-07',
          notes: 'Exciting trip to Ireland'
        },
        'trip-2': {
          id: 'trip-2',
          title: 'Weekend in Galway',
          start_date: '2025-06-15',
          end_date: '2025-06-17',
          notes: 'Relaxing weekend getaway'
        }
      }

      at log (app/itinerary/page.tsx:139:25)

    console.log
      Processed trips: 2

      at log (app/itinerary/page.tsx:146:29)

    console.error
      Received `true` for a non-boolean attribute `fill`.
      
      If you want to write it to the DOM, pass a string instead: fill="true" or fill={value.toString()}.

    [0m [90m 118 |[39m     })[33m;[39m
     [90m 119 |[39m
    [31m[1m>[22m[39m[90m 120 |[39m     render([33m<[39m[33mItineraryPage[39m [33m/[39m[33m>[39m)[33m;[39m
     [90m     |[39m           [31m[1m^[22m[39m
     [90m 121 |[39m
     [90m 122 |[39m     [90m// Wait for the data to be fetched and rendered[39m
     [90m 123 |[39m     [36mawait[39m waitFor(() [33m=>[39m {[0m

      at validateProperty (node_modules/react-dom/cjs/react-dom-client.development.js:2945:27)
      at warnUnknownProperties (node_modules/react-dom/cjs/react-dom-client.development.js:3021:9)
      at validatePropertiesInDevelopment (node_modules/react-dom/cjs/react-dom-client.development.js:16825:9)
      at setInitialProperties (node_modules/react-dom/cjs/react-dom-client.development.js:17449:7)
      at completeWork (node_modules/react-dom/cjs/react-dom-client.development.js:13775:18)
      at runWithFiberInDEV (node_modules/react-dom/cjs/react-dom-client.development.js:543:16)
      at completeUnitOfWork (node_modules/react-dom/cjs/react-dom-client.development.js:15179:19)
      at performUnitOfWork (node_modules/react-dom/cjs/react-dom-client.development.js:15061:11)
      at workLoopSync (node_modules/react-dom/cjs/react-dom-client.development.js:14870:41)
      at renderRootSync (node_modules/react-dom/cjs/react-dom-client.development.js:14850:11)
      at performWorkOnRoot (node_modules/react-dom/cjs/react-dom-client.development.js:14334:13)
      at performWorkOnRootViaSchedulerTask (node_modules/react-dom/cjs/react-dom-client.development.js:15931:7)
      at flushActQueue (node_modules/react/cjs/react.development.js:862:34)
      at Object.<anonymous>.process.env.NODE_ENV.exports.act (node_modules/react/cjs/react.development.js:1151:10)
      at node_modules/@testing-library/react/dist/act-compat.js:47:25
      at renderRoot (node_modules/@testing-library/react/dist/pure.js:188:26)
      at render (node_modules/@testing-library/react/dist/pure.js:287:10)
      at Object.<anonymous> (app/itinerary/page.test.tsx:120:11)

    console.error
      Received `true` for a non-boolean attribute `priority`.
      
      If you want to write it to the DOM, pass a string instead: priority="true" or priority={value.toString()}.

    [0m [90m 118 |[39m     })[33m;[39m
     [90m 119 |[39m
    [31m[1m>[22m[39m[90m 120 |[39m     render([33m<[39m[33mItineraryPage[39m [33m/[39m[33m>[39m)[33m;[39m
     [90m     |[39m           [31m[1m^[22m[39m
     [90m 121 |[39m
     [90m 122 |[39m     [90m// Wait for the data to be fetched and rendered[39m
     [90m 123 |[39m     [36mawait[39m waitFor(() [33m=>[39m {[0m

      at validateProperty (node_modules/react-dom/cjs/react-dom-client.development.js:2945:27)
      at warnUnknownProperties (node_modules/react-dom/cjs/react-dom-client.development.js:3021:9)
      at validatePropertiesInDevelopment (node_modules/react-dom/cjs/react-dom-client.development.js:16825:9)
      at setInitialProperties (node_modules/react-dom/cjs/react-dom-client.development.js:17449:7)
      at completeWork (node_modules/react-dom/cjs/react-dom-client.development.js:13775:18)
      at runWithFiberInDEV (node_modules/react-dom/cjs/react-dom-client.development.js:543:16)
      at completeUnitOfWork (node_modules/react-dom/cjs/react-dom-client.development.js:15179:19)
      at performUnitOfWork (node_modules/react-dom/cjs/react-dom-client.development.js:15061:11)
      at workLoopSync (node_modules/react-dom/cjs/react-dom-client.development.js:14870:41)
      at renderRootSync (node_modules/react-dom/cjs/react-dom-client.development.js:14850:11)
      at performWorkOnRoot (node_modules/react-dom/cjs/react-dom-client.development.js:14334:13)
      at performWorkOnRootViaSchedulerTask (node_modules/react-dom/cjs/react-dom-client.development.js:15931:7)
      at flushActQueue (node_modules/react/cjs/react.development.js:862:34)
      at Object.<anonymous>.process.env.NODE_ENV.exports.act (node_modules/react/cjs/react.development.js:1151:10)
      at node_modules/@testing-library/react/dist/act-compat.js:47:25
      at renderRoot (node_modules/@testing-library/react/dist/pure.js:188:26)
      at render (node_modules/@testing-library/react/dist/pure.js:287:10)
      at Object.<anonymous> (app/itinerary/page.test.tsx:120:11)

    console.log
      Cleaning up trips listener

      at log (app/itinerary/page.tsx:166:21)
          at Array.forEach (<anonymous>)

    console.log
      Fetching trips for user: test-user-id

      at log (app/itinerary/page.tsx:133:17)

    console.log
      Firebase Data received: null

      at log (app/itinerary/page.tsx:139:25)

    console.log
      No trips found for user

      at log (app/itinerary/page.tsx:149:29)

    console.log
      Cleaning up trips listener

      at log (app/itinerary/page.tsx:166:21)
          at Array.forEach (<anonymous>)


Test Suites: 6 passed, 6 total
Tests:       28 passed, 28 total
Snapshots:   0 total
Time:        4.944 s
Ran all test suites.
